[USB] enumerate IOReturn=0x00000000
[USB] VID=2109 PID=0813 location=02200000 registry=4295684058 name=USB3.0 Hub
[USB] VID=0bda PID=8153 location=02220000 registry=4295684082 name=USB 10_100_1000 LAN
[USB] VID=2109 PID=2813 location=02100000 registry=4295684112 name=USB2.0 Hub
[USB] VID=046d PID=0848 location=02130000 registry=4295684129 name=ConferenceCam CC3000e Camera
[USB] VID=18d1 PID=8001 location=02140000 registry=4295684170 name=Hangouts Meet speakermic
[USB] CreatePlugIn registry=4295684129 IOReturn=0x00000000
[USB] QueryInterface320 HRESULT=0x00000000
[USB] GetConfiguration value=1 IOReturn=0x00000000
[USB] ConfigurationDescriptor index=0 IOReturn=0x00000000
[PTZ 2026-09-18T05:10:04Z] Connect ConferenceCam CC3000e Camera VID=046D PID=0848 location=02130000 registry=4295684129
[PTZ 2026-09-18T05:10:04Z] descriptor @0: 09 02 D1 09 04 01 00 C0 00
[PTZ 2026-09-18T05:10:04Z] descriptor @9: 08 0B 00 02 0E 03 00 00
[PTZ 2026-09-18T05:10:04Z] descriptor @17: 09 04 00 00 01 0E 01 00 00
[PTZ 2026-09-18T05:10:04Z] Interface 0 alt=0 class=14 subclass=1
[PTZ 2026-09-18T05:10:04Z] descriptor @26: 0D 24 01 00 01 F1 00 80 C3 C9 01 01 01
[PTZ 2026-09-18T05:10:04Z] descriptor @39: 12 24 02 01 01 02 00 00 00 00 00 00 00 00 03 2E 12 02
[PTZ 2026-09-18T05:10:04Z] Input terminal 1 type=0x0201
[PTZ 2026-09-18T05:10:04Z] Entity 1 interface=0 bmControls=2E 12 02 supported bits=[1, 2, 3, 5, 9, 12, 17]
[PTZ 2026-09-18T05:10:04Z] descriptor @57: 0B 24 05 03 01 00 40 02 5B 17 00
[PTZ 2026-09-18T05:10:04Z] Processing unit 3 source=1
[PTZ 2026-09-18T05:10:04Z] Entity 3 interface=0 bmControls=5B 17 supported bits=[0, 1, 3, 4, 6, 8, 9, 10, 12]
[PTZ 2026-09-18T05:10:04Z] descriptor @68: 1B 24 06 06 D0 9E E4 23 78 11 31 4F AE 52 D2 FB 8A 8D 3B 48 0A 01 03 02 FF 03 00
[PTZ 2026-09-18T05:10:04Z] XU 6 GUID(wire)=D0 9E E4 23 78 11 31 4F AE 52 D2 FB 8A 8D 3B 48 controls=10 sources=03
[PTZ 2026-09-18T05:10:04Z] XU 6 advertised selectors=[1, 2, 3, 4, 5, 6, 7, 8, 9, 10]
[PTZ 2026-09-18T05:10:04Z] Entity 6 interface=0 bmControls=FF 03 supported bits=[0, 1, 2, 3, 4, 5, 6, 7, 8, 9]
[PTZ 2026-09-18T05:10:04Z] descriptor @95: 1B 24 06 08 E4 8E 67 69 0F 41 DB 40 A8 50 74 20 D7 D8 24 0E 07 01 03 02 3F 0F 00
[PTZ 2026-09-18T05:10:04Z] XU 8 GUID(wire)=E4 8E 67 69 0F 41 DB 40 A8 50 74 20 D7 D8 24 0E controls=7 sources=03
[PTZ 2026-09-18T05:10:04Z] XU 8 advertised selectors=[1, 2, 3, 4, 5, 6, 9, 10, 11, 12]
[PTZ 2026-09-18T05:10:04Z] Entity 8 interface=0 bmControls=3F 0F supported bits=[0, 1, 2, 3, 4, 5, 8, 9, 10, 11]
[PTZ 2026-09-18T05:10:04Z] descriptor @122: 1C 24 06 09 A9 4C 5D 1F 11 DE 87 44 84 0D 50 93 3C 8E C8 D1 10 01 03 03 FF FF C3 00
[PTZ 2026-09-18T05:10:04Z] XU 9 GUID(wire)=A9 4C 5D 1F 11 DE 87 44 84 0D 50 93 3C 8E C8 D1 controls=16 sources=03
[PTZ 2026-09-18T05:10:04Z] XU 9 advertised selectors=[1, 2, 3, 4, 5, 6, 7, 8, 9, 10, 11, 12, 13, 14, 15, 16, 17, 18, 23, 24]
[PTZ 2026-09-18T05:10:04Z] Entity 9 interface=0 bmControls=FF FF C3 supported bits=[0, 1, 2, 3, 4, 5, 6, 7, 8, 9, 10, 11, 12, 13, 14, 15, 16, 17, 22, 23]
[PTZ 2026-09-18T05:10:04Z] descriptor @150: 1B 24 06 0A 15 02 E4 49 34 F4 FE 47 B1 58 0E 88 50 23 E5 1B 07 01 03 02 AA 1F 00
[PTZ 2026-09-18T05:10:04Z] XU 10 GUID(wire)=15 02 E4 49 34 F4 FE 47 B1 58 0E 88 50 23 E5 1B controls=7 sources=03
[PTZ 2026-09-18T05:10:04Z] XU 10 advertised selectors=[2, 4, 6, 8, 9, 10, 11, 12, 13]
[PTZ 2026-09-18T05:10:04Z] Entity 10 interface=0 bmControls=AA 1F supported bits=[1, 3, 5, 7, 8, 9, 10, 11, 12]
[PTZ 2026-09-18T05:10:04Z] descriptor @177: 1C 24 06 0B 21 2D E5 FF 30 80 2C 4E 82 D9 F5 87 D0 05 40 BD 0C 01 03 03 03 41 FF 00
[PTZ 2026-09-18T05:10:04Z] XU 11 GUID(wire)=21 2D E5 FF 30 80 2C 4E 82 D9 F5 87 D0 05 40 BD controls=12 sources=03
[PTZ 2026-09-18T05:10:04Z] XU 11 advertised selectors=[1, 2, 9, 15, 17, 18, 19, 20, 21, 22, 23, 24]
[PTZ 2026-09-18T05:10:04Z] Entity 11 interface=0 bmControls=03 41 FF supported bits=[0, 1, 8, 14, 16, 17, 18, 19, 20, 21, 22, 23]
[PTZ 2026-09-18T05:10:04Z] descriptor @205: 1B 24 06 0C 41 76 9E A2 04 DE E3 47 8B 2B F4 34 1A FF 00 3B 0B 01 03 02 07 7F 00
[PTZ 2026-09-18T05:10:04Z] XU 12 GUID(wire)=41 76 9E A2 04 DE E3 47 8B 2B F4 34 1A FF 00 3B controls=11 sources=03
[PTZ 2026-09-18T05:10:04Z] XU 12 advertised selectors=[1, 2, 3, 9, 10, 11, 12, 13, 14, 15]
[PTZ 2026-09-18T05:10:04Z] Entity 12 interface=0 bmControls=07 7F supported bits=[0, 1, 2, 8, 9, 10, 11, 12, 13, 14]
[PTZ 2026-09-18T05:10:04Z] descriptor @232: 1A 24 06 0D 26 2D 61 13 AA 5A C4 46 B1 3D FF 4D 9A 60 DB 86 01 01 03 01 02 00
[PTZ 2026-09-18T05:10:04Z] XU 13 GUID(wire)=26 2D 61 13 AA 5A C4 46 B1 3D FF 4D 9A 60 DB 86 controls=1 sources=03
[PTZ 2026-09-18T05:10:04Z] XU 13 advertised selectors=[2]
[PTZ 2026-09-18T05:10:04Z] Entity 13 interface=0 bmControls=02 supported bits=[1]
[PTZ 2026-09-18T05:10:04Z] descriptor @258: 09 24 03 04 01 01 00 03 00
[PTZ 2026-09-18T05:10:04Z] descriptor @267: 07 05 86 03 40 00 08
[PTZ 2026-09-18T05:10:04Z] descriptor @274: 05 25 03 40 00
[PTZ 2026-09-18T05:10:04Z] descriptor @279: 09 04 01 00 00 0E 02 00 00
[PTZ 2026-09-18T05:10:04Z] Interface 1 alt=0 class=14 subclass=2
[PTZ 2026-09-18T05:10:04Z] descriptor @288: 0F 24 01 02 15 07 81 00 04 00 00 00 01 00 04
[PTZ 2026-09-18T05:10:04Z] descriptor @303: 1B 24 04 01 11 59 55 59 32 00 00 10 00 80 00 00 AA 00 38 9B 71 10 01 00 00 00 00
[PTZ 2026-09-18T05:10:04Z] descriptor @330: 36 24 05 01 00 80 02 E0 01 00 00 77 01 00 00 CA 08 00 60 09 00 15 16 05 00 07 15 16 05 00 9A 5B 06 00 20 A1 07 00 2A 2C 0A 00 40 42 0F 00 55 58 14 00 80 84 1E 00
[PTZ 2026-09-18T05:10:04Z] descriptor @384: 36 24 05 02 00 A0 00 78 00 00 70 17 00 00 A0 8C 00 00 96 00 00 15 16 05 00 07 15 16 05 00 9A 5B 06 00 20 A1 07 00 2A 2C 0A 00 40 42 0F 00 55 58 14 00 80 84 1E 00
[PTZ 2026-09-18T05:10:04Z] descriptor @438: 36 24 05 03 00 B0 00 90 00 00 F0 1E 00 00 A0 B9 00 00 C6 00 00 15 16 05 00 07 15 16 05 00 9A 5B 06 00 20 A1 07 00 2A 2C 0A 00 40 42 0F 00 55 58 14 00 80 84 1E 00
[PTZ 2026-09-18T05:10:04Z] descriptor @492: 36 24 05 04 00 40 01 B4 00 00 50 46 00 00 E0 A5 01 00 C2 01 00 15 16 05 00 07 15 16 05 00 9A 5B 06 00 20 A1 07 00 2A 2C 0A 00 40 42 0F 00 55 58 14 00 80 84 1E 00
[PTZ 2026-09-18T05:10:04Z] descriptor @546: 36 24 05 05 00 40 01 F0 00 00 C0 5D 00 00 80 32 02 00 58 02 00 15 16 05 00 07 15 16 05 00 9A 5B 06 00 20 A1 07 00 2A 2C 0A 00 40 42 0F 00 55 58 14 00 80 84 1E 00
[PTZ 2026-09-18T05:10:04Z] descriptor @600: 36 24 05 06 00 60 01 20 01 00 C0 7B 00 00 80 E6 02 00 18 03 00 15 16 05 00 07 15 16 05 00 9A 5B 06 00 20 A1 07 00 2A 2C 0A 00 40 42 0F 00 55 58 14 00 80 84 1E 00
[PTZ 2026-09-18T05:10:04Z] descriptor @654: 36 24 05 07 00 A8 01 F0 00 00 38 7C 00 00 50 E9 02 00 1B 03 00 15 16 05 00 07 15 16 05 00 9A 5B 06 00 20 A1 07 00 2A 2C 0A 00 40 42 0F 00 55 58 14 00 80 84 1E 00
[PTZ 2026-09-18T05:10:04Z] descriptor @708: 36 24 05 08 00 E0 01 0E 01 00 34 9E 00 00 38 B5 03 80 F4 03 00 15 16 05 00 07 15 16 05 00 9A 5B 06 00 20 A1 07 00 2A 2C 0A 00 40 42 0F 00 55 58 14 00 80 84 1E 00
[PTZ 2026-09-18T05:10:04Z] descriptor @762: 36 24 05 09 00 80 02 68 01 00 40 19 01 00 80 97 06 00 08 07 00 15 16 05 00 07 15 16 05 00 9A 5B 06 00 20 A1 07 00 2A 2C 0A 00 40 42 0F 00 55 58 14 00 80 84 1E 00
[PTZ 2026-09-18T05:10:04Z] descriptor @816: 36 24 05 0A 00 20 03 C0 01 00 80 B5 01 00 00 41 0A 00 F0 0A 00 15 16 05 00 07 15 16 05 00 9A 5B 06 00 20 A1 07 00 2A 2C 0A 00 40 42 0F 00 55 58 14 00 80 84 1E 00
[PTZ 2026-09-18T05:10:04Z] descriptor @870: 32 24 05 0B 00 20 03 58 02 00 F0 49 02 00 80 FC 0A 00 A6 0E 00 9A 5B 06 00 06 9A 5B 06 00 20 A1 07 00 2A 2C 0A 00 40 42 0F 00 55 58 14 00 80 84 1E 00
[PTZ 2026-09-18T05:10:04Z] descriptor @920: 36 24 05 0C 00 50 03 E0 01 00 E0 F0 01 00 40 A5 0B 00 6C 0C 00 15 16 05 00 07 15 16 05 00 9A 5B 06 00 20 A1 07 00 2A 2C 0A 00 40 42 0F 00 55 58 14 00 80 84 1E 00
[PTZ 2026-09-18T05:10:04Z] descriptor @974: 2A 24 05 0D 00 C0 03 1C 02 00 D0 78 02 00 70 6A 07 00 D2 0F 00 2A 2C 0A 00 04 2A 2C 0A 00 40 42 0F 00 55 58 14 00 80 84 1E 00
[PTZ 2026-09-18T05:10:04Z] descriptor @1016: 2A 24 05 0E 00 00 04 40 02 00 00 D0 02 00 00 70 08 00 00 12 00 2A 2C 0A 00 04 2A 2C 0A 00 40 42 0F 00 55 58 14 00 80 84 1E 00
[PTZ 2026-09-18T05:10:04Z] descriptor @1058: 26 24 05 0F 00 00 05 D0 02 00 00 65 04 00 00 CA 08 00 20 1C 00 40 42 0F 00 03 40 42 0F 00 55 58 14 00 80 84 1E 00
[PTZ 2026-09-18T05:10:04Z] descriptor @1096: 22 24 05 10 00 40 06 80 03 00 00 D6 06 00 00 41 0A 00 C0 2B 00 55 58 14 00 02 55 58 14 00 80 84 1E 00
[PTZ 2026-09-18T05:10:04Z] descriptor @1130: 1E 24 05 11 00 80 07 38 04 00 40 E3 09 00 40 E3 09 00 48 3F 00 80 84 1E 00 01 80 84 1E 00
[PTZ 2026-09-18T05:10:04Z] descriptor @1160: 06 24 0D 01 01 04
[PTZ 2026-09-18T05:10:04Z] descriptor @1166: 0B 24 06 02 11 01 01 00 00 00 00
[PTZ 2026-09-18T05:10:04Z] descriptor @1177: 36 24 07 01 00 80 02 E0 01 00 00 77 01 00 00 CA 08 00 60 09 00 15 16 05 00 07 15 16 05 00 9A 5B 06 00 20 A1 07 00 2A 2C 0A 00 40 42 0F 00 55 58 14 00 80 84 1E 00
[PTZ 2026-09-18T05:10:04Z] descriptor @1231: 36 24 07 02 00 A0 00 78 00 00 70 17 00 00 A0 8C 00 00 96 00 00 15 16 05 00 07 15 16 05 00 9A 5B 06 00 20 A1 07 00 2A 2C 0A 00 40 42 0F 00 55 58 14 00 80 84 1E 00
[PTZ 2026-09-18T05:10:04Z] descriptor @1285: 36 24 07 03 00 B0 00 90 00 00 F0 1E 00 00 A0 B9 00 00 C6 00 00 15 16 05 00 07 15 16 05 00 9A 5B 06 00 20 A1 07 00 2A 2C 0A 00 40 42 0F 00 55 58 14 00 80 84 1E 00
[PTZ 2026-09-18T05:10:04Z] descriptor @1339: 36 24 07 04 00 40 01 B4 00 00 50 46 00 00 E0 A5 01 00 C2 01 00 15 16 05 00 07 15 16 05 00 9A 5B 06 00 20 A1 07 00 2A 2C 0A 00 40 42 0F 00 55 58 14 00 80 84 1E 00
[PTZ 2026-09-18T05:10:04Z] descriptor @1393: 36 24 07 05 00 40 01 F0 00 00 C0 5D 00 00 80 32 02 00 58 02 00 15 16 05 00 07 15 16 05 00 9A 5B 06 00 20 A1 07 00 2A 2C 0A 00 40 42 0F 00 55 58 14 00 80 84 1E 00
[PTZ 2026-09-18T05:10:04Z] descriptor @1447: 36 24 07 06 00 60 01 20 01 00 C0 7B 00 00 80 E6 02 00 18 03 00 15 16 05 00 07 15 16 05 00 9A 5B 06 00 20 A1 07 00 2A 2C 0A 00 40 42 0F 00 55 58 14 00 80 84 1E 00
[PTZ 2026-09-18T05:10:04Z] descriptor @1501: 36 24 07 07 00 A8 01 F0 00 00 38 7C 00 00 50 E9 02 00 1B 03 00 15 16 05 00 07 15 16 05 00 9A 5B 06 00 20 A1 07 00 2A 2C 0A 00 40 42 0F 00 55 58 14 00 80 84 1E 00
[PTZ 2026-09-18T05:10:04Z] descriptor @1555: 36 24 07 08 00 E0 01 0E 01 00 34 9E 00 00 38 B5 03 80 F4 03 00 15 16 05 00 07 15 16 05 00 9A 5B 06 00 20 A1 07 00 2A 2C 0A 00 40 42 0F 00 55 58 14 00 80 84 1E 00
[PTZ 2026-09-18T05:10:04Z] descriptor @1609: 36 24 07 09 00 80 02 68 01 00 40 19 01 00 80 97 06 00 08 07 00 15 16 05 00 07 15 16 05 00 9A 5B 06 00 20 A1 07 00 2A 2C 0A 00 40 42 0F 00 55 58 14 00 80 84 1E 00
[PTZ 2026-09-18T05:10:04Z] descriptor @1663: 36 24 07 0A 00 20 03 C0 01 00 80 B5 01 00 00 41 0A 00 F0 0A 00 15 16 05 00 07 15 16 05 00 9A 5B 06 00 20 A1 07 00 2A 2C 0A 00 40 42 0F 00 55 58 14 00 80 84 1E 00
[PTZ 2026-09-18T05:10:04Z] descriptor @1717: 36 24 07 0B 00 20 03 58 02 00 F0 49 02 00 A0 BB 0D 00 A6 0E 00 15 16 05 00 07 15 16 05 00 9A 5B 06 00 20 A1 07 00 2A 2C 0A 00 40 42 0F 00 55 58 14 00 80 84 1E 00
[PTZ 2026-09-18T05:10:04Z] descriptor @1771: 36 24 07 0C 00 50 03 E0 01 00 E0 F0 01 00 40 A5 0B 00 6C 0C 00 15 16 05 00 07 15 16 05 00 9A 5B 06 00 20 A1 07 00 2A 2C 0A 00 40 42 0F 00 55 58 14 00 80 84 1E 00
[PTZ 2026-09-18T05:10:04Z] descriptor @1825: 36 24 07 0D 00 C0 03 1C 02 00 D0 78 02 00 E0 D4 0E 00 D2 0F 00 15 16 05 00 07 15 16 05 00 9A 5B 06 00 20 A1 07 00 2A 2C 0A 00 40 42 0F 00 55 58 14 00 80 84 1E 00
[PTZ 2026-09-18T05:10:04Z] descriptor @1879: 36 24 07 0E 00 00 04 40 02 00 00 D0 02 00 00 E0 10 00 00 12 00 15 16 05 00 07 15 16 05 00 9A 5B 06 00 20 A1 07 00 2A 2C 0A 00 40 42 0F 00 55 58 14 00 80 84 1E 00
[PTZ 2026-09-18T05:10:04Z] descriptor @1933: 36 24 07 0F 00 00 05 D0 02 00 00 65 04 00 00 5E 1A 00 20 1C 00 15 16 05 00 07 15 16 05 00 9A 5B 06 00 20 A1 07 00 2A 2C 0A 00 40 42 0F 00 55 58 14 00 80 84 1E 00
[PTZ 2026-09-18T05:10:04Z] descriptor @1987: 36 24 07 10 00 40 06 80 03 00 00 D6 06 00 00 04 29 00 C0 2B 00 15 16 05 00 07 15 16 05 00 9A 5B 06 00 20 A1 07 00 2A 2C 0A 00 40 42 0F 00 55 58 14 00 80 84 1E 00
[PTZ 2026-09-18T05:10:04Z] descriptor @2041: 36 24 07 11 00 80 07 38 04 00 40 E3 09 00 80 53 3B 00 48 3F 00 15 16 05 00 07 15 16 05 00 9A 5B 06 00 20 A1 07 00 2A 2C 0A 00 40 42 0F 00 55 58 14 00 80 84 1E 00
[PTZ 2026-09-18T05:10:04Z] descriptor @2095: 06 24 0D 01 01 04
[PTZ 2026-09-18T05:10:04Z] descriptor @2101: 09 04 01 01 01 0E 02 00 00
[PTZ 2026-09-18T05:10:04Z] Interface 1 alt=1 class=14 subclass=2
[PTZ 2026-09-18T05:10:04Z] descriptor @2110: 07 05 81 05 C0 00 01
[PTZ 2026-09-18T05:10:04Z] descriptor @2117: 09 04 01 02 01 0E 02 00 00
[PTZ 2026-09-18T05:10:04Z] Interface 1 alt=2 class=14 subclass=2
[PTZ 2026-09-18T05:10:04Z] descriptor @2126: 07 05 81 05 80 01 01
[PTZ 2026-09-18T05:10:04Z] descriptor @2133: 09 04 01 03 01 0E 02 00 00
[PTZ 2026-09-18T05:10:04Z] Interface 1 alt=3 class=14 subclass=2
[PTZ 2026-09-18T05:10:04Z] descriptor @2142: 07 05 81 05 00 02 01
[PTZ 2026-09-18T05:10:04Z] descriptor @2149: 09 04 01 04 01 0E 02 00 00
[PTZ 2026-09-18T05:10:04Z] Interface 1 alt=4 class=14 subclass=2
[PTZ 2026-09-18T05:10:04Z] descriptor @2158: 07 05 81 05 80 02 01
[PTZ 2026-09-18T05:10:04Z] descriptor @2165: 09 04 01 05 01 0E 02 00 00
[PTZ 2026-09-18T05:10:04Z] Interface 1 alt=5 class=14 subclass=2
[PTZ 2026-09-18T05:10:04Z] descriptor @2174: 07 05 81 05 20 03 01
[PTZ 2026-09-18T05:10:04Z] descriptor @2181: 09 04 01 06 01 0E 02 00 00
[PTZ 2026-09-18T05:10:04Z] Interface 1 alt=6 class=14 subclass=2
[PTZ 2026-09-18T05:10:04Z] descriptor @2190: 07 05 81 05 B0 03 01
[PTZ 2026-09-18T05:10:04Z] descriptor @2197: 09 04 01 07 01 0E 02 00 00
[PTZ 2026-09-18T05:10:04Z] Interface 1 alt=7 class=14 subclass=2
[PTZ 2026-09-18T05:10:04Z] descriptor @2206: 07 05 81 05 80 0A 01
[PTZ 2026-09-18T05:10:04Z] descriptor @2213: 09 04 01 08 01 0E 02 00 00
[PTZ 2026-09-18T05:10:04Z] Interface 1 alt=8 class=14 subclass=2
[PTZ 2026-09-18T05:10:04Z] descriptor @2222: 07 05 81 05 20 0B 01
[PTZ 2026-09-18T05:10:04Z] descriptor @2229: 09 04 01 09 01 0E 02 00 00
[PTZ 2026-09-18T05:10:04Z] Interface 1 alt=9 class=14 subclass=2
[PTZ 2026-09-18T05:10:04Z] descriptor @2238: 07 05 81 05 E0 0B 01
[PTZ 2026-09-18T05:10:04Z] descriptor @2245: 09 04 01 0A 01 0E 02 00 00
[PTZ 2026-09-18T05:10:04Z] Interface 1 alt=10 class=14 subclass=2
[PTZ 2026-09-18T05:10:04Z] descriptor @2254: 07 05 81 05 80 13 01
[PTZ 2026-09-18T05:10:04Z] descriptor @2261: 09 04 01 0B 01 0E 02 00 00
[PTZ 2026-09-18T05:10:04Z] Interface 1 alt=11 class=14 subclass=2
[PTZ 2026-09-18T05:10:04Z] descriptor @2270: 07 05 81 05 00 14 01
[PTZ 2026-09-18T05:10:04Z] descriptor @2277: 08 0B 02 02 01 02 00 00
[PTZ 2026-09-18T05:10:04Z] descriptor @2285: 09 04 02 00 00 01 01 00 00
[PTZ 2026-09-18T05:10:04Z] Interface 2 alt=0 class=1 subclass=1
[PTZ 2026-09-18T05:10:04Z] descriptor @2294: 09 24 01 00 01 26 00 01 03
[PTZ 2026-09-18T05:10:04Z] descriptor @2303: 0C 24 02 01 01 02 00 01 03 00 00 00
[PTZ 2026-09-18T05:10:04Z] descriptor @2315: 09 24 03 03 01 01 00 05 00
[PTZ 2026-09-18T05:10:04Z] descriptor @2324: 08 24 06 05 01 01 03 00
[PTZ 2026-09-18T05:10:04Z] descriptor @2332: 09 04 03 00 00 01 02 00 00
[PTZ 2026-09-18T05:10:04Z] Interface 3 alt=0 class=1 subclass=2
[PTZ 2026-09-18T05:10:04Z] descriptor @2341: 09 04 03 01 01 01 02 00 00
[PTZ 2026-09-18T05:10:04Z] Interface 3 alt=1 class=1 subclass=2
[PTZ 2026-09-18T05:10:04Z] descriptor @2350: 07 24 01 03 01 01 00
[PTZ 2026-09-18T05:10:04Z] descriptor @2357: 0B 24 02 01 02 02 10 01 80 3E 00
[PTZ 2026-09-18T05:10:04Z] descriptor @2368: 09 05 83 05 44 00 04 00 00
[PTZ 2026-09-18T05:10:04Z] descriptor @2377: 07 25 01 01 00 00 00
[PTZ 2026-09-18T05:10:04Z] descriptor @2384: 09 04 03 02 01 01 02 00 00
[PTZ 2026-09-18T05:10:04Z] Interface 3 alt=2 class=1 subclass=2
[PTZ 2026-09-18T05:10:04Z] descriptor @2393: 07 24 01 03 01 01 00
[PTZ 2026-09-18T05:10:04Z] descriptor @2400: 0B 24 02 01 02 02 10 01 C0 5D 00
[PTZ 2026-09-18T05:10:04Z] descriptor @2411: 09 05 83 05 64 00 04 00 00
[PTZ 2026-09-18T05:10:04Z] descriptor @2420: 07 25 01 01 00 00 00
[PTZ 2026-09-18T05:10:04Z] descriptor @2427: 09 04 03 03 01 01 02 00 00
[PTZ 2026-09-18T05:10:04Z] Interface 3 alt=3 class=1 subclass=2
[PTZ 2026-09-18T05:10:04Z] descriptor @2436: 07 24 01 03 01 01 00
[PTZ 2026-09-18T05:10:04Z] descriptor @2443: 0B 24 02 01 02 02 10 01 00 7D 00
[PTZ 2026-09-18T05:10:04Z] descriptor @2454: 09 05 83 05 84 00 04 00 00
[PTZ 2026-09-18T05:10:04Z] descriptor @2463: 07 25 01 01 00 00 00
[PTZ 2026-09-18T05:10:04Z] descriptor @2470: 09 04 03 04 01 01 02 00 00
[PTZ 2026-09-18T05:10:04Z] Interface 3 alt=4 class=1 subclass=2
[PTZ 2026-09-18T05:10:04Z] descriptor @2479: 07 24 01 03 01 01 00
[PTZ 2026-09-18T05:10:04Z] descriptor @2486: 0B 24 02 01 02 02 10 01 80 BB 00
[PTZ 2026-09-18T05:10:04Z] descriptor @2497: 09 05 83 05 C4 00 04 00 00
[PTZ 2026-09-18T05:10:04Z] descriptor @2506: 07 25 01 01 00 00 00
[PTZ 2026-09-18T05:10:04Z] USB bmRequestType=A1 bRequest=86 wValue=0B00 wIndex=0100 wLength=1 OUT=[]
[PTZ 2026-09-18T05:10:04Z] USB IOReturn=0x00000000 actual=1 elapsed=0.000s IN=[03]
[PTZ 2026-09-18T05:10:04Z] USB bmRequestType=A1 bRequest=81 wValue=0B00 wIndex=0100 wLength=2 OUT=[]
[PTZ 2026-09-18T05:10:04Z] USB IOReturn=0x00000000 actual=2 elapsed=0.000s IN=[F5 00]
[PTZ 2026-09-18T05:10:04Z] USB bmRequestType=A1 bRequest=82 wValue=0B00 wIndex=0100 wLength=2 OUT=[]
[PTZ 2026-09-18T05:10:04Z] USB IOReturn=0x00000000 actual=2 elapsed=0.000s IN=[64 00]
[PTZ 2026-09-18T05:10:04Z] USB bmRequestType=A1 bRequest=83 wValue=0B00 wIndex=0100 wLength=2 OUT=[]
[PTZ 2026-09-18T05:10:04Z] USB IOReturn=0x00000000 actual=2 elapsed=0.000s IN=[E8 03]
[PTZ 2026-09-18T05:10:04Z] USB bmRequestType=A1 bRequest=84 wValue=0B00 wIndex=0100 wLength=2 OUT=[]
[PTZ 2026-09-18T05:10:04Z] USB IOReturn=0x00000000 actual=2 elapsed=0.000s IN=[01 00]
[PTZ 2026-09-18T05:10:04Z] USB bmRequestType=A1 bRequest=87 wValue=0B00 wIndex=0100 wLength=2 OUT=[]
[PTZ 2026-09-18T05:10:04Z] USB IOReturn=0x00000000 actual=2 elapsed=0.000s IN=[64 00]
[PTZ 2026-09-18T05:10:04Z] USB bmRequestType=A1 bRequest=86 wValue=0E00 wIndex=0100 wLength=1 OUT=[]
[PTZ 2026-09-18T05:10:04Z] USB IOReturn=0x00000000 actual=1 elapsed=0.000s IN=[03]
[PTZ 2026-09-18T05:10:04Z] USB bmRequestType=A1 bRequest=81 wValue=0E00 wIndex=0100 wLength=4 OUT=[]
[PTZ 2026-09-18T05:10:04Z] USB IOReturn=0x00000000 actual=4 elapsed=0.000s IN=[00 01 00 01]
[PTZ 2026-09-18T05:10:04Z] USB bmRequestType=A1 bRequest=82 wValue=0E00 wIndex=0100 wLength=4 OUT=[]
[PTZ 2026-09-18T05:10:04Z] USB IOReturn=0x00000000 actual=4 elapsed=0.000s IN=[00 01 00 01]
[PTZ 2026-09-18T05:10:04Z] USB bmRequestType=A1 bRequest=83 wValue=0E00 wIndex=0100 wLength=4 OUT=[]
[PTZ 2026-09-18T05:10:04Z] USB IOReturn=0x00000000 actual=4 elapsed=0.000s IN=[00 01 00 01]
[PTZ 2026-09-18T05:10:04Z] USB bmRequestType=A1 bRequest=84 wValue=0E00 wIndex=0100 wLength=4 OUT=[]
[PTZ 2026-09-18T05:10:04Z] USB IOReturn=0x00000000 actual=4 elapsed=0.000s IN=[00 01 00 01]
[PTZ 2026-09-18T05:10:04Z] USB bmRequestType=A1 bRequest=87 wValue=0E00 wIndex=0100 wLength=4 OUT=[]
[PTZ 2026-09-18T05:10:04Z] USB IOReturn=0x00000000 actual=4 elapsed=0.000s IN=[00 01 00 01]
[PTZ 2026-09-18T05:10:04Z] Not advertised: entity 1 selector 13
[PTZ 2026-09-18T05:10:04Z] USB bmRequestType=A1 bRequest=82 wValue=0E00 wIndex=0100 wLength=4 OUT=[]
[PTZ 2026-09-18T05:10:04Z] USB IOReturn=0x00000000 actual=4 elapsed=0.000s IN=[00 01 00 01]
[PTZ 2026-09-18T05:10:04Z] USB bmRequestType=A1 bRequest=83 wValue=0E00 wIndex=0100 wLength=4 OUT=[]
[PTZ 2026-09-18T05:10:04Z] USB IOReturn=0x00000000 actual=4 elapsed=0.000s IN=[00 01 00 01]
[PTZ 2026-09-18T05:10:04Z] USB bmRequestType=A1 bRequest=86 wValue=0100 wIndex=0B00 wLength=1 OUT=[]
[PTZ 2026-09-18T05:10:04Z] USB IOReturn=0x00000000 actual=1 elapsed=0.000s IN=[03]
[PTZ 2026-09-18T05:10:04Z] USB bmRequestType=A1 bRequest=85 wValue=0100 wIndex=0B00 wLength=2 OUT=[]
[PTZ 2026-09-18T05:10:04Z] USB IOReturn=0x00000000 actual=2 elapsed=0.000s IN=[04 00]
[PTZ 2026-09-18T05:10:04Z] USB bmRequestType=A1 bRequest=86 wValue=0200 wIndex=0B00 wLength=1 OUT=[]
[PTZ 2026-09-18T05:10:04Z] USB IOReturn=0x00000000 actual=1 elapsed=0.000s IN=[02]
[PTZ 2026-09-18T05:10:04Z] USB bmRequestType=A1 bRequest=85 wValue=0200 wIndex=0B00 wLength=2 OUT=[]
[PTZ 2026-09-18T05:10:04Z] USB IOReturn=0x00000000 actual=2 elapsed=0.000s IN=[01 00]
[PTZ 2026-09-18T05:10:04Z] Capabilities zoom=true relativePT=true absolutePT=false LogitechStep=true LogitechReset=true
[PTZ 2026-09-18T05:10:04Z] No capture session, device seize, interface claim, configuration change, or startup movement performed.
[PTZ 2026-09-18T05:10:04Z] USB bmRequestType=A1 bRequest=86 wValue=0200 wIndex=0300 wLength=1 OUT=[]
[PTZ 2026-09-18T05:10:04Z] USB IOReturn=0x00000000 actual=1 elapsed=0.000s IN=[03]
[PTZ 2026-09-18T05:10:04Z] USB bmRequestType=A1 bRequest=81 wValue=0200 wIndex=0300 wLength=2 OUT=[]
[PTZ 2026-09-18T05:10:04Z] USB IOReturn=0x00000000 actual=2 elapsed=0.000s IN=[80 00]
[PTZ 2026-09-18T05:10:04Z] USB bmRequestType=A1 bRequest=82 wValue=0200 wIndex=0300 wLength=2 OUT=[]
[PTZ 2026-09-18T05:10:04Z] USB IOReturn=0x00000000 actual=2 elapsed=0.000s IN=[00 00]
[PTZ 2026-09-18T05:10:04Z] USB bmRequestType=A1 bRequest=83 wValue=0200 wIndex=0300 wLength=2 OUT=[]
[PTZ 2026-09-18T05:10:04Z] USB IOReturn=0x00000000 actual=2 elapsed=0.000s IN=[FF 00]
[PTZ 2026-09-18T05:10:04Z] USB bmRequestType=A1 bRequest=84 wValue=0200 wIndex=0300 wLength=2 OUT=[]
[PTZ 2026-09-18T05:10:04Z] USB IOReturn=0x00000000 actual=2 elapsed=0.000s IN=[01 00]
[PTZ 2026-09-18T05:10:04Z] USB bmRequestType=A1 bRequest=87 wValue=0200 wIndex=0300 wLength=2 OUT=[]
[PTZ 2026-09-18T05:10:04Z] USB IOReturn=0x00000000 actual=2 elapsed=0.000s IN=[80 00]
[PTZ 2026-09-18T05:10:04Z] USB bmRequestType=A1 bRequest=86 wValue=0300 wIndex=0300 wLength=1 OUT=[]
[PTZ 2026-09-18T05:10:04Z] USB IOReturn=0x00000000 actual=1 elapsed=0.000s IN=[03]
[PTZ 2026-09-18T05:10:04Z] USB bmRequestType=A1 bRequest=81 wValue=0300 wIndex=0300 wLength=2 OUT=[]
[PTZ 2026-09-18T05:10:04Z] USB IOReturn=0x00000000 actual=2 elapsed=0.000s IN=[80 00]
[PTZ 2026-09-18T05:10:04Z] USB bmRequestType=A1 bRequest=82 wValue=0300 wIndex=0300 wLength=2 OUT=[]
[PTZ 2026-09-18T05:10:04Z] USB IOReturn=0x00000000 actual=2 elapsed=0.000s IN=[00 00]
[PTZ 2026-09-18T05:10:04Z] USB bmRequestType=A1 bRequest=83 wValue=0300 wIndex=0300 wLength=2 OUT=[]
[PTZ 2026-09-18T05:10:04Z] USB IOReturn=0x00000000 actual=2 elapsed=0.000s IN=[FF 00]
[PTZ 2026-09-18T05:10:04Z] USB bmRequestType=A1 bRequest=84 wValue=0300 wIndex=0300 wLength=2 OUT=[]
[PTZ 2026-09-18T05:10:04Z] USB IOReturn=0x00000000 actual=2 elapsed=0.000s IN=[01 00]
[PTZ 2026-09-18T05:10:04Z] USB bmRequestType=A1 bRequest=87 wValue=0300 wIndex=0300 wLength=2 OUT=[]
[PTZ 2026-09-18T05:10:04Z] USB IOReturn=0x00000000 actual=2 elapsed=0.000s IN=[80 00]
[PTZ 2026-09-18T05:10:04Z] USB bmRequestType=A1 bRequest=86 wValue=0700 wIndex=0300 wLength=1 OUT=[]
[PTZ 2026-09-18T05:10:04Z] USB IOReturn=0x00000000 actual=1 elapsed=0.000s IN=[03]
[PTZ 2026-09-18T05:10:04Z] USB bmRequestType=A1 bRequest=81 wValue=0700 wIndex=0300 wLength=2 OUT=[]
[PTZ 2026-09-18T05:10:04Z] USB IOReturn=0x00000000 actual=2 elapsed=0.000s IN=[80 00]
[PTZ 2026-09-18T05:10:04Z] USB bmRequestType=A1 bRequest=82 wValue=0700 wIndex=0300 wLength=2 OUT=[]
[PTZ 2026-09-18T05:10:04Z] USB IOReturn=0x00000000 actual=2 elapsed=0.000s IN=[00 00]
[PTZ 2026-09-18T05:10:04Z] USB bmRequestType=A1 bRequest=83 wValue=0700 wIndex=0300 wLength=2 OUT=[]
[PTZ 2026-09-18T05:10:04Z] USB IOReturn=0x00000000 actual=2 elapsed=0.000s IN=[FF 00]
[PTZ 2026-09-18T05:10:04Z] USB bmRequestType=A1 bRequest=84 wValue=0700 wIndex=0300 wLength=2 OUT=[]
[PTZ 2026-09-18T05:10:04Z] USB IOReturn=0x00000000 actual=2 elapsed=0.000s IN=[01 00]
[PTZ 2026-09-18T05:10:04Z] USB bmRequestType=A1 bRequest=87 wValue=0700 wIndex=0300 wLength=2 OUT=[]
[PTZ 2026-09-18T05:10:04Z] USB IOReturn=0x00000000 actual=2 elapsed=0.000s IN=[80 00]
[PTZ 2026-09-18T05:10:04Z] USB bmRequestType=A1 bRequest=86 wValue=0A00 wIndex=0300 wLength=1 OUT=[]
[PTZ 2026-09-18T05:10:04Z] USB IOReturn=0x00000000 actual=1 elapsed=0.000s IN=[0F]
[PTZ 2026-09-18T05:10:04Z] USB bmRequestType=A1 bRequest=81 wValue=0A00 wIndex=0300 wLength=2 OUT=[]
[PTZ 2026-09-18T05:10:04Z] USB IOReturn=0x00000000 actual=2 elapsed=0.000s IN=[4C 1D]
[PTZ 2026-09-18T05:10:04Z] USB bmRequestType=A1 bRequest=82 wValue=0A00 wIndex=0300 wLength=2 OUT=[]
[PTZ 2026-09-18T05:10:04Z] USB IOReturn=0x00000000 actual=2 elapsed=0.000s IN=[D0 07]
[PTZ 2026-09-18T05:10:04Z] USB bmRequestType=A1 bRequest=83 wValue=0A00 wIndex=0300 wLength=2 OUT=[]
[PTZ 2026-09-18T05:10:04Z] USB IOReturn=0x00000000 actual=2 elapsed=0.000s IN=[4C 1D]
[PTZ 2026-09-18T05:10:04Z] USB bmRequestType=A1 bRequest=84 wValue=0A00 wIndex=0300 wLength=2 OUT=[]
[PTZ 2026-09-18T05:10:04Z] USB IOReturn=0x00000000 actual=2 elapsed=0.000s IN=[01 00]
[PTZ 2026-09-18T05:10:04Z] USB bmRequestType=A1 bRequest=87 wValue=0A00 wIndex=0300 wLength=2 OUT=[]
[PTZ 2026-09-18T05:10:04Z] USB IOReturn=0x00000000 actual=2 elapsed=0.000s IN=[A0 0F]
[PTZ 2026-09-18T05:10:04Z] USB bmRequestType=A1 bRequest=86 wValue=0B00 wIndex=0300 wLength=1 OUT=[]
[PTZ 2026-09-18T05:10:04Z] USB IOReturn=0x00000000 actual=1 elapsed=0.000s IN=[03]
[PTZ 2026-09-18T05:10:04Z] USB bmRequestType=A1 bRequest=81 wValue=0B00 wIndex=0300 wLength=1 OUT=[]
[PTZ 2026-09-18T05:10:04Z] USB IOReturn=0x00000000 actual=1 elapsed=0.000s IN=[01]
[PTZ 2026-09-18T05:10:04Z] USB bmRequestType=A1 bRequest=87 wValue=0B00 wIndex=0300 wLength=1 OUT=[]
[PTZ 2026-09-18T05:10:04Z] USB IOReturn=0x00000000 actual=1 elapsed=0.000s IN=[01]
[PTZ 2026-09-18T05:10:04Z] USB bmRequestType=A1 bRequest=86 wValue=0600 wIndex=0100 wLength=1 OUT=[]
[PTZ 2026-09-18T05:10:04Z] USB IOReturn=0x00000000 actual=1 elapsed=0.000s IN=[0F]
[PTZ 2026-09-18T05:10:04Z] USB bmRequestType=A1 bRequest=81 wValue=0600 wIndex=0100 wLength=2 OUT=[]
[PTZ 2026-09-18T05:10:04Z] USB IOReturn=0x00000000 actual=2 elapsed=0.000s IN=[1E 00]
[PTZ 2026-09-18T05:10:04Z] USB bmRequestType=A1 bRequest=82 wValue=0600 wIndex=0100 wLength=2 OUT=[]
[PTZ 2026-09-18T05:10:04Z] USB IOReturn=0x00000000 actual=2 elapsed=0.000s IN=[00 00]
[PTZ 2026-09-18T05:10:04Z] USB bmRequestType=A1 bRequest=83 wValue=0600 wIndex=0100 wLength=2 OUT=[]
[PTZ 2026-09-18T05:10:04Z] USB IOReturn=0x00000000 actual=2 elapsed=0.000s IN=[FF 00]
[PTZ 2026-09-18T05:10:04Z] USB bmRequestType=A1 bRequest=84 wValue=0600 wIndex=0100 wLength=2 OUT=[]
[PTZ 2026-09-18T05:10:04Z] USB IOReturn=0x00000000 actual=2 elapsed=0.000s IN=[01 00]
[PTZ 2026-09-18T05:10:04Z] USB bmRequestType=A1 bRequest=87 wValue=0600 wIndex=0100 wLength=2 OUT=[]
[PTZ 2026-09-18T05:10:04Z] USB IOReturn=0x00000000 actual=2 elapsed=0.000s IN=[00 00]
[PTZ 2026-09-18T05:10:04Z] USB bmRequestType=A1 bRequest=86 wValue=0800 wIndex=0100 wLength=1 OUT=[]
[PTZ 2026-09-18T05:10:04Z] USB IOReturn=0x00000000 actual=1 elapsed=0.000s IN=[03]
[PTZ 2026-09-18T05:10:04Z] USB bmRequestType=A1 bRequest=81 wValue=0800 wIndex=0100 wLength=1 OUT=[]
[PTZ 2026-09-18T05:10:04Z] USB IOReturn=0x00000000 actual=1 elapsed=0.000s IN=[01]
[PTZ 2026-09-18T05:10:04Z] USB bmRequestType=A1 bRequest=87 wValue=0800 wIndex=0100 wLength=1 OUT=[]
[PTZ 2026-09-18T05:10:04Z] USB IOReturn=0x00000000 actual=1 elapsed=0.000s IN=[01]
[PTZ 2026-09-18T05:10:04Z] USB bmRequestType=A1 bRequest=86 wValue=0500 wIndex=0300 wLength=1 OUT=[]
[PTZ 2026-09-18T05:10:04Z] USB IOReturn=0x00000000 actual=1 elapsed=0.000s IN=[03]
[PTZ 2026-09-18T05:10:04Z] USB bmRequestType=A1 bRequest=81 wValue=0500 wIndex=0300 wLength=1 OUT=[]
[PTZ 2026-09-18T05:10:04Z] USB IOReturn=0x00000000 actual=1 elapsed=0.000s IN=[02]
[PTZ 2026-09-18T05:10:04Z] USB bmRequestType=A1 bRequest=87 wValue=0500 wIndex=0300 wLength=1 OUT=[]
[PTZ 2026-09-18T05:10:04Z] USB IOReturn=0x00000000 actual=1 elapsed=0.000s IN=[02]
IMAGE Brightness: current=128 range=0...255 step=1 writable=true default=Optional(128)
IMAGE Contrast: current=128 range=0...255 step=1 writable=true default=Optional(128)
IMAGE Color intensity: current=128 range=0...255 step=1 writable=true default=Optional(128)
IMAGE White balance: current=7500 range=2000...7500 step=1 writable=false default=Optional(4000)
IMAGE Auto white balance: current=1 range=0...1 step=1 writable=true default=Optional(1)
IMAGE Focus: current=30 range=0...255 step=1 writable=false default=Optional(0)
IMAGE Autofocus: current=1 range=0...1 step=1 writable=true default=Optional(1)
IMAGE Anti-flicker: current=2 range=0...2 step=1 writable=true default=Optional(2)
